// Jest Snapshot v1, https://goo.gl/fbAQLP

exports[`Error should match the snapshot 1`] = `
ShallowWrapper {
  Symbol(enzyme.__root__): [Circular],
  Symbol(enzyme.__unrendered__): <Error
    error="Oh no!"
  />,
  Symbol(enzyme.__renderer__): Object {
    "batchedUpdates": [Function],
    "getNode": [Function],
    "render": [Function],
    "simulateError": [Function],
    "simulateEvent": [Function],
    "unmount": [Function],
  },
  Symbol(enzyme.__node__): Object {
    "instance": null,
    "key": undefined,
    "nodeType": "host",
    "props": Object {
      "children": Array [
        <h2>
          Oh no!
        </h2>,
        <h2>
          Something seems to have gone wrong!
        </h2>,
        <button>
          Return to site
        </button>,
      ],
      "className": "error",
    },
    "ref": null,
    "rendered": Array [
      Object {
        "instance": null,
        "key": undefined,
        "nodeType": "host",
        "props": Object {
          "children": "Oh no!",
        },
        "ref": null,
        "rendered": "Oh no!",
        "type": "h2",
      },
      Object {
        "instance": null,
        "key": undefined,
        "nodeType": "host",
        "props": Object {
          "children": "Something seems to have gone wrong!",
        },
        "ref": null,
        "rendered": "Something seems to have gone wrong!",
        "type": "h2",
      },
      Object {
        "instance": null,
        "key": undefined,
        "nodeType": "host",
        "props": Object {
          "children": "Return to site",
          "onClick": undefined,
        },
        "ref": null,
        "rendered": "Return to site",
        "type": "button",
      },
    ],
    "type": "section",
  },
  Symbol(enzyme.__nodes__): Array [
    Object {
      "instance": null,
      "key": undefined,
      "nodeType": "host",
      "props": Object {
        "children": Array [
          <h2>
            Oh no!
          </h2>,
          <h2>
            Something seems to have gone wrong!
          </h2>,
          <button>
            Return to site
          </button>,
        ],
        "className": "error",
      },
      "ref": null,
      "rendered": Array [
        Object {
          "instance": null,
          "key": undefined,
          "nodeType": "host",
          "props": Object {
            "children": "Oh no!",
          },
          "ref": null,
          "rendered": "Oh no!",
          "type": "h2",
        },
        Object {
          "instance": null,
          "key": undefined,
          "nodeType": "host",
          "props": Object {
            "children": "Something seems to have gone wrong!",
          },
          "ref": null,
          "rendered": "Something seems to have gone wrong!",
          "type": "h2",
        },
        Object {
          "instance": null,
          "key": undefined,
          "nodeType": "host",
          "props": Object {
            "children": "Return to site",
            "onClick": undefined,
          },
          "ref": null,
          "rendered": "Return to site",
          "type": "button",
        },
      ],
      "type": "section",
    },
  ],
  Symbol(enzyme.__options__): Object {
    "adapter": ReactSixteenAdapter {
      "options": Object {
        "enableComponentDidUpdateOnSetState": true,
        "lifecycles": Object {
          "componentDidUpdate": Object {
            "onSetState": true,
          },
          "getDerivedStateFromProps": true,
          "getSnapshotBeforeUpdate": true,
          "setState": Object {
            "skipsComponentDidUpdateOnNullish": true,
          },
        },
      },
    },
  },
}
`;
