// Jest Snapshot v1, https://goo.gl/fbAQLP

exports[`Journal Form JournalForm Component should match the snapshot 1`] = `
ShallowWrapper {
  Symbol(enzyme.__root__): [Circular],
  Symbol(enzyme.__unrendered__): <JournalForm />,
  Symbol(enzyme.__renderer__): Object {
    "batchedUpdates": [Function],
    "getNode": [Function],
    "render": [Function],
    "simulateError": [Function],
    "simulateEvent": [Function],
    "unmount": [Function],
  },
  Symbol(enzyme.__node__): Object {
    "instance": null,
    "key": undefined,
    "nodeType": "host",
    "props": Object {
      "children": Array [
        <h2>
          ADD JOURNAL ENTRY
        </h2>,
        <textarea
          className="journal-entry"
          maxLength="800"
          name="entry"
          onChange={[Function]}
          placeholder="entry"
          value=""
        />,
        <button>
          Add Entry
        </button>,
      ],
      "className": "journal-form",
      "onSubmit": [Function],
    },
    "ref": null,
    "rendered": Array [
      Object {
        "instance": null,
        "key": undefined,
        "nodeType": "host",
        "props": Object {
          "children": "ADD JOURNAL ENTRY",
        },
        "ref": null,
        "rendered": "ADD JOURNAL ENTRY",
        "type": "h2",
      },
      Object {
        "instance": null,
        "key": undefined,
        "nodeType": "host",
        "props": Object {
          "className": "journal-entry",
          "maxLength": "800",
          "name": "entry",
          "onChange": [Function],
          "placeholder": "entry",
          "value": "",
        },
        "ref": null,
        "rendered": null,
        "type": "textarea",
      },
      Object {
        "instance": null,
        "key": undefined,
        "nodeType": "host",
        "props": Object {
          "children": "Add Entry",
        },
        "ref": null,
        "rendered": "Add Entry",
        "type": "button",
      },
    ],
    "type": "form",
  },
  Symbol(enzyme.__nodes__): Array [
    Object {
      "instance": null,
      "key": undefined,
      "nodeType": "host",
      "props": Object {
        "children": Array [
          <h2>
            ADD JOURNAL ENTRY
          </h2>,
          <textarea
            className="journal-entry"
            maxLength="800"
            name="entry"
            onChange={[Function]}
            placeholder="entry"
            value=""
          />,
          <button>
            Add Entry
          </button>,
        ],
        "className": "journal-form",
        "onSubmit": [Function],
      },
      "ref": null,
      "rendered": Array [
        Object {
          "instance": null,
          "key": undefined,
          "nodeType": "host",
          "props": Object {
            "children": "ADD JOURNAL ENTRY",
          },
          "ref": null,
          "rendered": "ADD JOURNAL ENTRY",
          "type": "h2",
        },
        Object {
          "instance": null,
          "key": undefined,
          "nodeType": "host",
          "props": Object {
            "className": "journal-entry",
            "maxLength": "800",
            "name": "entry",
            "onChange": [Function],
            "placeholder": "entry",
            "value": "",
          },
          "ref": null,
          "rendered": null,
          "type": "textarea",
        },
        Object {
          "instance": null,
          "key": undefined,
          "nodeType": "host",
          "props": Object {
            "children": "Add Entry",
          },
          "ref": null,
          "rendered": "Add Entry",
          "type": "button",
        },
      ],
      "type": "form",
    },
  ],
  Symbol(enzyme.__options__): Object {
    "adapter": ReactSixteenAdapter {
      "options": Object {
        "enableComponentDidUpdateOnSetState": true,
        "lifecycles": Object {
          "componentDidUpdate": Object {
            "onSetState": true,
          },
          "getDerivedStateFromProps": true,
          "getSnapshotBeforeUpdate": true,
          "setState": Object {
            "skipsComponentDidUpdateOnNullish": true,
          },
        },
      },
    },
  },
}
`;
